[backblue.gif]
[fade.gif]
[index.html]
[cdn.glitch.com/e1eb225a-8f2a-4cff-8e87-b9830a359249/879894_1f1fe_512x5124935.png]
[stackpath.bootstrapcdn.com/bootstrap/4.2.1/css/bootstrap.min.css]
[code.jquery.com/jquery-3.3.1.slim.min.js]
[stackpath.bootstrapcdn.com/bootstrap/4.2.1/js/bootstrap.min.js]
[stackpath.bootstrapcdn.com/font-awesome/4.7.0/css/font-awesome.min.css]
[cdn.glitch.com/e1eb225a-8f2a-4cff-8e87-b9830a359249/plus0636.png]
[cdn.glitch.com/e1eb225a-8f2a-4cff-8e87-b9830a359249/wave13da8.png]
[cdn.glitch.com/e1eb225a-8f2a-4cff-8e87-b9830a359249/network4def.png]
[cdn.glitch.com/e1eb225a-8f2a-4cff-8e87-b9830a359249/developer1917a.png]
[cdn.glitch.com/e1eb225a-8f2a-4cff-8e87-b9830a359249/developer2f886.png]
[discordbots.org/api/widget/540467172405673994.svg]
[cdn.glitch.com/e1eb225a-8f2a-4cff-8e87-b9830a359249/people_icon_maintenance2508.png]
[cdn.glitch.com/e1eb225a-8f2a-4cff-8e87-b9830a359249/wave272dc.png]
[yikik-site.glitch.me/index.html]
[yikik-site.glitch.me/src/style.css]
[stackpath.bootstrapcdn.com/bootstrap/4.2.1/css/bootstrap.min.css]
[stackpath.bootstrapcdn.com/font-awesome/4.7.0/css/font-awesome.min.css]
[discordbots.org/api/widget/540467172405673994.svg]
[stackpath.bootstrapcdn.com/font-awesome/4.7.0/fonts/fontawesome-webfont3e6e.svg]
[stackpath.bootstrapcdn.com/font-awesome/4.7.0/fonts/fontawesome-webfont3e6e.svg]
